// Jest Snapshot v1, https://goo.gl/fbAQLP

exports[`Recaptcha renders should Recaptcha renders 1`] = `
<DocumentFragment>
  <section
    class="textareaContainer"
  >
    <label
      class="small_filters label"
      for="formId-name"
      other=""
    >
      Some label
    </label>
    <div
      data-testid="recaptcha"
      render="explicit"
    />
  </section>
</DocumentFragment>
`;
