// Jest Snapshot v1, https://goo.gl/fbAQLP

exports[`Modal renders should Modal renders when closed 1`] = `
<DocumentFragment>
  <button
    type="button"
  >
    Click
  </button>
  <section
    class="componentContainer close"
    data-testid="section"
  >
    <div
      class="slider"
    >
      <h1>
        Children
      </h1>
    </div>
  </section>
</DocumentFragment>
`;
