// Jest Snapshot v1, https://goo.gl/fbAQLP

exports[`HintIcon renders should HintIcon renders 1`] = `
<DocumentFragment>
  <section
    class="wrapperComponent"
    data-testid="popup"
    role="presentation"
    tabindex="1"
  >
    <div
      class="targetElement"
    >
      <div
        class="iconWrapper"
        data-testid="targetDiv"
      >
        <div
          class="icon"
        >
          i
        </div>
      </div>
    </div>
  </section>
</DocumentFragment>
`;
